============================= test session starts =============================
platform win32 -- Python 3.13.5, pytest-8.3.4, pluggy-1.5.0 -- C:\Users\jithu\anaconda3\python.exe
cachedir: .pytest_cache
rootdir: D:\hackus\Thanthrikar
plugins: anyio-4.12.1
collecting ... collected 0 items / 1 error

=================================== ERRORS ====================================
____________________ ERROR collecting tests/unit_tests.py _____________________
ImportError while importing test module 'D:\hackus\Thanthrikar\tests\unit_tests.py'.
Hint: make sure your test modules/packages have valid Python names.
Traceback:
C:\Users\jithu\anaconda3\Lib\importlib\__init__.py:88: in import_module
    return _bootstrap._gcd_import(name[level:], package, level)
tests\unit_tests.py:10: in <module>
    from agents.planner import PlannerAgent
agents\planner.py:2: in <module>
    from langchain_groq import ChatGroq
E   ModuleNotFoundError: No module named 'langchain_groq'
============================== warnings summary ===============================
C:\Users\jithu\anaconda3\Lib\site-packages\pydantic\_internal\_config.py:295
  C:\Users\jithu\anaconda3\Lib\site-packages\pydantic\_internal\_config.py:295: PydanticDeprecatedSince20: Support for class-based `config` is deprecated, use ConfigDict instead. Deprecated in Pydantic V2.0 to be removed in V3.0. See Pydantic V2 Migration Guide at https://errors.pydantic.dev/2.10/migration/
    warnings.warn(DEPRECATION_MESSAGE, DeprecationWarning)

-- Docs: https://docs.pytest.org/en/stable/how-to/capture-warnings.html
=========================== short test summary info ===========================
ERROR tests/unit_tests.py
!!!!!!!!!!!!!!!!!!! Interrupted: 1 error during collection !!!!!!!!!!!!!!!!!!!!
========================= 1 warning, 1 error in 0.61s =========================
